Archive member included to satisfy reference by file (symbol)

D:/ST/STM32CubeIDE_1.13.2/STM32CubeIDE/plugins/com.st.stm32cube.ide.mcu.externaltools.gnu-tools-for-stm32.11.3.rel1.win32_1.1.1.202309131626/tools/bin/../lib/gcc/arm-none-eabi/11.3.1/../../../../arm-none-eabi/lib/thumb/v7e-m+fp/hard\libc_nano.a(libc_a-exit.o)
                              D:/ST/STM32CubeIDE_1.13.2/STM32CubeIDE/plugins/com.st.stm32cube.ide.mcu.externaltools.gnu-tools-for-stm32.11.3.rel1.win32_1.1.1.202309131626/tools/bin/../lib/gcc/arm-none-eabi/11.3.1/../../../../arm-none-eabi/lib/thumb/v7e-m+fp/hard/crt0.o (exit)
D:/ST/STM32CubeIDE_1.13.2/STM32CubeIDE/plugins/com.st.stm32cube.ide.mcu.externaltools.gnu-tools-for-stm32.11.3.rel1.win32_1.1.1.202309131626/tools/bin/../lib/gcc/arm-none-eabi/11.3.1/../../../../arm-none-eabi/lib/thumb/v7e-m+fp/hard\libc_nano.a(libc_a-findfp.o)
                              D:/ST/STM32CubeIDE_1.13.2/STM32CubeIDE/plugins/com.st.stm32cube.ide.mcu.externaltools.gnu-tools-for-stm32.11.3.rel1.win32_1.1.1.202309131626/tools/bin/../lib/gcc/arm-none-eabi/11.3.1/../../../../arm-none-eabi/lib/thumb/v7e-m+fp/hard\libc_nano.a(libc_a-exit.o) (__stdio_exit_handler)
D:/ST/STM32CubeIDE_1.13.2/STM32CubeIDE/plugins/com.st.stm32cube.ide.mcu.externaltools.gnu-tools-for-stm32.11.3.rel1.win32_1.1.1.202309131626/tools/bin/../lib/gcc/arm-none-eabi/11.3.1/../../../../arm-none-eabi/lib/thumb/v7e-m+fp/hard\libc_nano.a(libc_a-fwalk.o)
                              D:/ST/STM32CubeIDE_1.13.2/STM32CubeIDE/plugins/com.st.stm32cube.ide.mcu.externaltools.gnu-tools-for-stm32.11.3.rel1.win32_1.1.1.202309131626/tools/bin/../lib/gcc/arm-none-eabi/11.3.1/../../../../arm-none-eabi/lib/thumb/v7e-m+fp/hard\libc_nano.a(libc_a-findfp.o) (_fwalk_sglue)
D:/ST/STM32CubeIDE_1.13.2/STM32CubeIDE/plugins/com.st.stm32cube.ide.mcu.externaltools.gnu-tools-for-stm32.11.3.rel1.win32_1.1.1.202309131626/tools/bin/../lib/gcc/arm-none-eabi/11.3.1/../../../../arm-none-eabi/lib/thumb/v7e-m+fp/hard\libc_nano.a(libc_a-stdio.o)
                              D:/ST/STM32CubeIDE_1.13.2/STM32CubeIDE/plugins/com.st.stm32cube.ide.mcu.externaltools.gnu-tools-for-stm32.11.3.rel1.win32_1.1.1.202309131626/tools/bin/../lib/gcc/arm-none-eabi/11.3.1/../../../../arm-none-eabi/lib/thumb/v7e-m+fp/hard\libc_nano.a(libc_a-findfp.o) (__sread)
D:/ST/STM32CubeIDE_1.13.2/STM32CubeIDE/plugins/com.st.stm32cube.ide.mcu.externaltools.gnu-tools-for-stm32.11.3.rel1.win32_1.1.1.202309131626/tools/bin/../lib/gcc/arm-none-eabi/11.3.1/../../../../arm-none-eabi/lib/thumb/v7e-m+fp/hard\libc_nano.a(libc_a-memset.o)
                              D:/ST/STM32CubeIDE_1.13.2/STM32CubeIDE/plugins/com.st.stm32cube.ide.mcu.externaltools.gnu-tools-for-stm32.11.3.rel1.win32_1.1.1.202309131626/tools/bin/../lib/gcc/arm-none-eabi/11.3.1/../../../../arm-none-eabi/lib/thumb/v7e-m+fp/hard/crt0.o (memset)
D:/ST/STM32CubeIDE_1.13.2/STM32CubeIDE/plugins/com.st.stm32cube.ide.mcu.externaltools.gnu-tools-for-stm32.11.3.rel1.win32_1.1.1.202309131626/tools/bin/../lib/gcc/arm-none-eabi/11.3.1/../../../../arm-none-eabi/lib/thumb/v7e-m+fp/hard\libc_nano.a(libc_a-closer.o)
                              D:/ST/STM32CubeIDE_1.13.2/STM32CubeIDE/plugins/com.st.stm32cube.ide.mcu.externaltools.gnu-tools-for-stm32.11.3.rel1.win32_1.1.1.202309131626/tools/bin/../lib/gcc/arm-none-eabi/11.3.1/../../../../arm-none-eabi/lib/thumb/v7e-m+fp/hard\libc_nano.a(libc_a-stdio.o) (_close_r)
D:/ST/STM32CubeIDE_1.13.2/STM32CubeIDE/plugins/com.st.stm32cube.ide.mcu.externaltools.gnu-tools-for-stm32.11.3.rel1.win32_1.1.1.202309131626/tools/bin/../lib/gcc/arm-none-eabi/11.3.1/../../../../arm-none-eabi/lib/thumb/v7e-m+fp/hard\libc_nano.a(libc_a-reent.o)
                              D:/ST/STM32CubeIDE_1.13.2/STM32CubeIDE/plugins/com.st.stm32cube.ide.mcu.externaltools.gnu-tools-for-stm32.11.3.rel1.win32_1.1.1.202309131626/tools/bin/../lib/gcc/arm-none-eabi/11.3.1/../../../../arm-none-eabi/lib/thumb/v7e-m+fp/hard\libc_nano.a(libc_a-closer.o) (errno)
D:/ST/STM32CubeIDE_1.13.2/STM32CubeIDE/plugins/com.st.stm32cube.ide.mcu.externaltools.gnu-tools-for-stm32.11.3.rel1.win32_1.1.1.202309131626/tools/bin/../lib/gcc/arm-none-eabi/11.3.1/../../../../arm-none-eabi/lib/thumb/v7e-m+fp/hard\libc_nano.a(libc_a-impure.o)
                              D:/ST/STM32CubeIDE_1.13.2/STM32CubeIDE/plugins/com.st.stm32cube.ide.mcu.externaltools.gnu-tools-for-stm32.11.3.rel1.win32_1.1.1.202309131626/tools/bin/../lib/gcc/arm-none-eabi/11.3.1/../../../../arm-none-eabi/lib/thumb/v7e-m+fp/hard\libc_nano.a(libc_a-reent.o) (_impure_ptr)
D:/ST/STM32CubeIDE_1.13.2/STM32CubeIDE/plugins/com.st.stm32cube.ide.mcu.externaltools.gnu-tools-for-stm32.11.3.rel1.win32_1.1.1.202309131626/tools/bin/../lib/gcc/arm-none-eabi/11.3.1/../../../../arm-none-eabi/lib/thumb/v7e-m+fp/hard\libc_nano.a(libc_a-lseekr.o)
[...]
Memory Configuration

Name             Origin             Length             Attributes
CCMRAM           0x0000000010000000 0x0000000000010000 xrw
RAM              0x0000000020000000 0x0000000000020000 xrw
FLASH            0x0000000008000000 0x0000000000100000 xr
*default*        0x0000000000000000 0xffffffffffffffff

Linker script and memory map

LOAD D:/ST/STM32CubeIDE_1.13.2/STM32CubeIDE/plugins/com.st.stm32cube.ide.mcu.externaltools.gnu-tools-for-stm32.11.3.rel1.win32_1.1.1.202309131626/tools/bin/../lib/gcc/arm-none-eabi/11.3.1/thumb/v7e-m+fp/hard/crti.o
LOAD D:/ST/STM32CubeIDE_1.13.2/STM32CubeIDE/plugins/com.st.stm32cube.ide.mcu.externaltools.gnu-tools-for-stm32.11.3.rel1.win32_1.1.1.202309131626/tools/bin/../lib/gcc/arm-none-eabi/11.3.1/thumb/v7e-m+fp/hard/crtbegin.o
LOAD D:/ST/STM32CubeIDE_1.13.2/STM32CubeIDE/plugins/com.st.stm32cube.ide.mcu.externaltools.gnu-tools-for-stm32.11.3.rel1.win32_1.1.1.202309131626/tools/bin/../lib/gcc/arm-none-eabi/11.3.1/../../../../arm-none-eabi/lib/thumb/v7e-m+fp/hard/crt0.o
LOAD ./Core/Src/main.o
LOAD ./Core/Src/stm32f4xx_hal_msp.o
LOAD ./Core/Src/stm32f4xx_it.o
LOAD ./Core/Src/syscalls.o
LOAD ./Core/Src/sysmem.o
LOAD ./Core/Src/system_stm32f4xx.o
LOAD ./Core/Startup/startup_stm32f407vgtx.o
LOAD ./Drivers/STM32F4xx_HAL_Driver/Src/stm32f4xx_hal.o
LOAD ./Drivers/STM32F4xx_HAL_Driver/Src/stm32f4xx_hal_cortex.o
LOAD ./Drivers/STM32F4xx_HAL_Driver/Src/stm32f4xx_hal_dma.o
LOAD ./Drivers/STM32F4xx_HAL_Driver/Src/stm32f4xx_hal_dma_ex.o
LOAD ./Drivers/STM32F4xx_HAL_Driver/Src/stm32f4xx_hal_exti.o
LOAD ./Drivers/STM32F4xx_HAL_Driver/Src/stm32f4xx_hal_flash.o
LOAD ./Drivers/STM32F4xx_HAL_Driver/Src/stm32f4xx_hal_flash_ex.o
LOAD ./Drivers/STM32F4xx_HAL_Driver/Src/stm32f4xx_hal_flash_ramfunc.o
LOAD ./Drivers/STM32F4xx_HAL_Driver/Src/stm32f4xx_hal_gpio.o
LOAD ./Drivers/STM32F4xx_HAL_Driver/Src/stm32f4xx_hal_pwr.o
LOAD ./Drivers/STM32F4xx_HAL_Driver/Src/stm32f4xx_hal_pwr_ex.o
LOAD ./Drivers/STM32F4xx_HAL_Driver/Src/stm32f4xx_hal_rcc.o
LOAD ./Drivers/STM32F4xx_HAL_Driver/Src/stm32f4xx_hal_rcc_ex.o
LOAD ../Drivers/CMSIS/Lib/GCC\libarm_cortexM4lf_math.a
START GROUP
LOAD D:/ST/STM32CubeIDE_1.13.2/STM32CubeIDE/plugins/com.st.stm32cube.ide.mcu.externaltools.gnu-tools-for-stm32.11.3.rel1.win32_1.1.1.202309131626/tools/bin/../lib/gcc/arm-none-eabi/11.3.1/../../../../arm-none-eabi/lib/thumb/v7e-m+fp/hard\libc_nano.a
LOAD D:/ST/STM32CubeIDE_1.13.2/STM32CubeIDE/plugins/com.st.stm32cube.ide.mcu.externaltools.gnu-tools-for-stm32.11.3.rel1.win32_1.1.1.202309131626/tools/bin/../lib/gcc/arm-none-eabi/11.3.1/../../../../arm-none-eabi/lib/thumb/v7e-m+fp/hard\libm.a
END GROUP
START GROUP
LOAD D:/ST/STM32CubeIDE_1.13.2/STM32CubeIDE/plugins/com.st.stm32cube.ide.mcu.externaltools.gnu-tools-for-stm32.11.3.rel1.win32_1.1.1.202309131626/tools/bin/../lib/gcc/arm-none-eabi/11.3.1/thumb/v7e-m+fp/hard\libgcc.a
LOAD D:/ST/STM32CubeIDE_1.13.2/STM32CubeIDE/plugins/com.st.stm32cube.ide.mcu.externaltools.gnu-tools-for-stm32.11.3.rel1.win32_1.1.1.202309131626/tools/bin/../lib/gcc/arm-none-eabi/11.3.1/../../../../arm-none-eabi/lib/thumb/v7e-m+fp/hard\libc_nano.a
END GROUP
START GROUP
LOAD D:/ST/STM32CubeIDE_1.13.2/STM32CubeIDE/plugins/com.st.stm32cube.ide.mcu.externaltools.gnu-tools-for-stm32.11.3.rel1.win32_1.1.1.202309131626/tools/bin/../lib/gcc/arm-none-eabi/11.3.1/thumb/v7e-m+fp/hard\libgcc.a
LOAD D:/ST/STM32CubeIDE_1.13.2/STM32CubeIDE/plugins/com.st.stm32cube.ide.mcu.externaltools.gnu-tools-for-stm32.11.3.rel1.win32_1.1.1.202309131626/tools/bin/../lib/gcc/arm-none-eabi/11.3.1/../../../../arm-none-eabi/lib/thumb/v7e-m+fp/hard\libc_nano.a
LOAD D:/ST/STM32CubeIDE_1.13.2/STM32CubeIDE/plugins/com.st.stm32cube.ide.mcu.externaltools.gnu-tools-for-stm32.11.3.rel1.win32_1.1.1.202309131626/tools/bin/../lib/gcc/arm-none-eabi/11.3.1/../../../../arm-none-eabi/lib/thumb/v7e-m+fp/hard\libnosys.a
END GROUP
START GROUP
LOAD D:/ST/STM32CubeIDE_1.13.2/STM32CubeIDE/plugins/com.st.stm32cube.ide.mcu.externaltools.gnu-tools-for-stm32.11.3.rel1.win32_1.1.1.202309131626/tools/bin/../lib/gcc/arm-none-eabi/11.3.1/thumb/v7e-m+fp/hard\libgcc.a
LOAD D:/ST/STM32CubeIDE_1.13.2/STM32CubeIDE/plugins/com.st.stm32cube.ide.mcu.externaltools.gnu-tools-for-stm32.11.3.rel1.win32_1.1.1.202309131626/tools/bin/../lib/gcc/arm-none-eabi/11.3.1/../../../../arm-none-eabi/lib/thumb/v7e-m+fp/hard\libc_nano.a
LOAD D:/ST/STM32CubeIDE_1.13.2/STM32CubeIDE/plugins/com.st.stm32cube.ide.mcu.externaltools.gnu-tools-for-stm32.11.3.rel1.win32_1.1.1.202309131626/tools/bin/../lib/gcc/arm-none-eabi/11.3.1/../../../../arm-none-eabi/lib/thumb/v7e-m+fp/hard\libnosys.a
END GROUP
LOAD D:/ST/STM32CubeIDE_1.13.2/STM32CubeIDE/plugins/com.st.stm32cube.ide.mcu.externaltools.gnu-tools-for-stm32.11.3.rel1.win32_1.1.1.202309131626/tools/bin/../lib/gcc/arm-none-eabi/11.3.1/thumb/v7e-m+fp/hard/crtend.o
LOAD D:/ST/STM32CubeIDE_1.13.2/STM32CubeIDE/plugins/com.st.stm32cube.ide.mcu.externaltools.gnu-tools-for-stm32.11.3.rel1.win32_1.1.1.202309131626/tools/bin/../lib/gcc/arm-none-eabi/11.3.1/thumb/v7e-m+fp/hard/crtn.o
                0x0000000020020000                _estack = (ORIGIN (RAM) + LENGTH (RAM))
                0x0000000000000200                _Min_Heap_Size = 0x200
                0x0000000000000400                _Min_Stack_Size = 0x400

.isr_vector     0x0000000008000000      0x188
                0x0000000008000000                . = ALIGN (0x4)
 *(.isr_vector)
 .isr_vector    0x0000000008000000      0x188 ./Core/Startup/startup_stm32f407vgtx.o
                0x0000000008000000                g_pfnVectors
                0x0000000008000188                . = ALIGN (0x4)

.text           0x0000000008000188     0x10b0
                0x0000000008000188                . = ALIGN (0x4)
 *(.text)
 .text          0x0000000008000188       0x40 D:/ST/STM32CubeIDE_1.13.2/STM32CubeIDE/plugins/com.st.stm32cube.ide.mcu.externaltools.gnu-tools-for-stm32.11.3.rel1.win32_1.1.1.202309131626/tools/bin/../lib/gcc/arm-none-eabi/11.3.1/thumb/v7e-m+fp/hard/crtbegin.o
 .text          0x00000000080001c8       0x30 D:/ST/STM32CubeIDE_1.13.2/STM32CubeIDE/plugins/com.st.stm32cube.ide.mcu.externaltools.gnu-tools-for-stm32.11.3.rel1.win32_1.1.1.202309131626/tools/bin/../lib/gcc/arm-none-eabi/11.3.1/thumb/v7e-m+fp/hard\libgcc.a(_aeabi_uldivmod.o)
                0x00000000080001c8                __aeabi_uldivmod
 .text          0x00000000080001f8      0x2c8 D:/ST/STM32CubeIDE_1.13.2/STM32CubeIDE/plugins/com.st.stm32cube.ide.mcu.externaltools.gnu-tools-for-stm32.11.3.rel1.win32_1.1.1.202309131626/tools/bin/../lib/gcc/arm-none-eabi/11.3.1/thumb/v7e-m+fp/hard\libgcc.a(_udivmoddi4.o)
                0x00000000080001f8                __udivmoddi4
 .text          0x00000000080004c0        0x4 D:/ST/STM32CubeIDE_1.13.2/STM32CubeIDE/plugins/com.st.stm32cube.ide.mcu.externaltools.gnu-tools-for-stm32.11.3.rel1.win32_1.1.1.202309131626/tools/bin/../lib/gcc/arm-none-eabi/11.3.1/thumb/v7e-m+fp/hard\libgcc.a(_dvmd_tls.o)
                0x00000000080004c0                __aeabi_idiv0
                0x00000000080004c0                __aeabi_ldiv0
 *(.text*)
 .text.main     0x00000000080004c4        0xe ./Core/Src/main.o
                0x00000000080004c4                main
 *fill*         0x00000000080004d2        0x2 
 .text.SystemClock_Config
                0x00000000080004d4       0xd4 ./Core/Src/main.o
                0x00000000080004d4                SystemClock_Config
 .text.Error_Handler
                0x00000000080005a8        0xa ./Core/Src/main.o
                0x00000000080005a8                Error_Handler
 *fill*         0x00000000080005b2        0x2 
 .text.HAL_MspInit
                0x00000000080005b4       0x50 ./Core/Src/stm32f4xx_hal_msp.o
                0x00000000080005b4                HAL_MspInit
 .text.NMI_Handler
                0x0000000008000604        0x6 ./Core/Src/stm32f4xx_it.o
                0x0000000008000604                NMI_Handler
 .text.HardFault_Handler
                0x000000000800060a        0x6 ./Core/Src/stm32f4xx_it.o
                0x000000000800060a                HardFault_Handler
 .text.MemManage_Handler
                0x0000000008000610        0x6 ./Core/Src/stm32f4xx_it.o
                0x0000000008000610                MemManage_Handler
 .text.BusFault_Handler
                0x0000000008000616        0x6 ./Core/Src/stm32f4xx_it.o
                0x0000000008000616                BusFault_Handler
 .text.UsageFault_Handler
                0x000000000800061c        0x6 ./Core/Src/stm32f4xx_it.o
                0x000000000800061c                UsageFault_Handler
 .text.SVC_Handler
                0x0000000008000622        0xe ./Core/Src/stm32f4xx_it.o
                0x0000000008000622                SVC_Handler
 .text.DebugMon_Handler
                0x0000000008000630        0xe ./Core/Src/stm32f4xx_it.o
                0x0000000008000630                DebugMon_Handler
 .text.PendSV_Handler
                0x000000000800063e        0xe ./Core/Src/stm32f4xx_it.o
                0x000000000800063e                PendSV_Handler
 .text.SysTick_Handler
                0x000000000800064c        0xc ./Core/Src/stm32f4xx_it.o
                0x000000000800064c                SysTick_Handler
 .text.SystemInit
                0x0000000008000658       0x24 ./Core/Src/system_stm32f4xx.o
                0x0000000008000658                SystemInit
 .text.Reset_Handler
                0x000000000800067c       0x50 ./Core/Startup/startup_stm32f407vgtx.o
                0x000000000800067c                Reset_Handler
 .text.Default_Handler
                0x00000000080006cc        0x2 ./Core/Startup/startup_stm32f407vgtx.o
                0x00000000080006cc                RTC_Alarm_IRQHandler
                0x00000000080006cc                HASH_RNG_IRQHandler
                0x00000000080006cc                EXTI2_IRQHandler
                0x00000000080006cc                TIM8_CC_IRQHandler
                0x00000000080006cc                TIM1_CC_IRQHandler
                0x00000000080006cc                DMA2_Stream5_IRQHandler
                0x00000000080006cc                DMA1_Stream5_IRQHandler
                0x00000000080006cc                PVD_IRQHandler
                0x00000000080006cc                SDIO_IRQHandler
                0x00000000080006cc                TAMP_STAMP_IRQHandler
                0x00000000080006cc                CAN2_RX1_IRQHandler
                0x00000000080006cc                EXTI3_IRQHandler
                0x00000000080006cc                TIM8_TRG_COM_TIM14_IRQHandler
                0x00000000080006cc                TIM1_UP_TIM10_IRQHandler
                0x00000000080006cc                TIM8_UP_TIM13_IRQHandler
                0x00000000080006cc                I2C3_ER_IRQHandler
                0x00000000080006cc                EXTI0_IRQHandler
                0x00000000080006cc                I2C2_EV_IRQHandler
                0x00000000080006cc                DMA1_Stream2_IRQHandler
                0x00000000080006cc                CAN1_RX0_IRQHandler
                0x00000000080006cc                FPU_IRQHandler
                0x00000000080006cc                OTG_HS_WKUP_IRQHandler
                0x00000000080006cc                CAN2_SCE_IRQHandler
                0x00000000080006cc                DMA2_Stream2_IRQHandler
                0x00000000080006cc                SPI1_IRQHandler
                0x00000000080006cc                TIM6_DAC_IRQHandler
                0x00000000080006cc                TIM1_BRK_TIM9_IRQHandler
                0x00000000080006cc                DCMI_IRQHandler
                0x00000000080006cc                CAN2_RX0_IRQHandler
                0x00000000080006cc                DMA2_Stream3_IRQHandler
                0x00000000080006cc                USART6_IRQHandler
                0x00000000080006cc                USART3_IRQHandler
                0x00000000080006cc                CAN1_RX1_IRQHandler
                0x00000000080006cc                UART5_IRQHandler
                0x00000000080006cc                DMA2_Stream0_IRQHandler
                0x00000000080006cc                TIM4_IRQHandler
                0x00000000080006cc                I2C1_EV_IRQHandler
                0x00000000080006cc                DMA1_Stream6_IRQHandler
                0x00000000080006cc                DMA1_Stream1_IRQHandler
                0x00000000080006cc                UART4_IRQHandler
                0x00000000080006cc                TIM3_IRQHandler
                0x00000000080006cc                RCC_IRQHandler
                0x00000000080006cc                TIM8_BRK_TIM12_IRQHandler
                0x00000000080006cc                Default_Handler
                0x00000000080006cc                EXTI15_10_IRQHandler
                0x00000000080006cc                ADC_IRQHandler
                0x00000000080006cc                DMA1_Stream7_IRQHandler
                0x00000000080006cc                TIM7_IRQHandler
                0x00000000080006cc                CAN2_TX_IRQHandler
                0x00000000080006cc                TIM5_IRQHandler
                0x00000000080006cc                DMA2_Stream7_IRQHandler
                0x00000000080006cc                I2C3_EV_IRQHandler
                0x00000000080006cc                EXTI9_5_IRQHandler
                0x00000000080006cc                RTC_WKUP_IRQHandler
                0x00000000080006cc                ETH_WKUP_IRQHandler
                0x00000000080006cc                SPI2_IRQHandler
                0x00000000080006cc                OTG_HS_EP1_IN_IRQHandler
                0x00000000080006cc                DMA1_Stream0_IRQHandler
                0x00000000080006cc                CAN1_TX_IRQHandler
                0x00000000080006cc                EXTI4_IRQHandler
                0x00000000080006cc                FSMC_IRQHandler
                0x00000000080006cc                ETH_IRQHandler
                0x00000000080006cc                OTG_HS_EP1_OUT_IRQHandler
                0x00000000080006cc                WWDG_IRQHandler
                0x00000000080006cc                TIM2_IRQHandler
                0x00000000080006cc                OTG_FS_WKUP_IRQHandler
                0x00000000080006cc                TIM1_TRG_COM_TIM11_IRQHandler
                0x00000000080006cc                OTG_HS_IRQHandler
                0x00000000080006cc                EXTI1_IRQHandler
                0x00000000080006cc                USART2_IRQHandler
                0x00000000080006cc                I2C2_ER_IRQHandler
                0x00000000080006cc                DMA2_Stream1_IRQHandler
                0x00000000080006cc                CAN1_SCE_IRQHandler
                0x00000000080006cc                FLASH_IRQHandler
                0x00000000080006cc                DMA2_Stream4_IRQHandler
                0x00000000080006cc                USART1_IRQHandler
                0x00000000080006cc                OTG_FS_IRQHandler
                0x00000000080006cc                SPI3_IRQHandler
                0x00000000080006cc                DMA1_Stream4_IRQHandler
                0x00000000080006cc                I2C1_ER_IRQHandler
                0x00000000080006cc                DMA2_Stream6_IRQHandler
                0x00000000080006cc                DMA1_Stream3_IRQHandler
 *fill*         0x00000000080006ce        0x2 
 .text.HAL_Init
                0x00000000080006d0       0x44 ./Drivers/STM32F4xx_HAL_Driver/Src/stm32f4xx_hal.o
                0x00000000080006d0                HAL_Init
 .text.HAL_InitTick
                0x0000000008000714       0x60 ./Drivers/STM32F4xx_HAL_Driver/Src/stm32f4xx_hal.o
                0x0000000008000714                HAL_InitTick
 .text.HAL_IncTick
                0x0000000008000774       0x28 ./Drivers/STM32F4xx_HAL_Driver/Src/stm32f4xx_hal.o
                0x0000000008000774                HAL_IncTick
 .text.HAL_GetTick
                0x000000000800079c       0x18 ./Drivers/STM32F4xx_HAL_Driver/Src/stm32f4xx_hal.o
                0x000000000800079c                HAL_GetTick
 .text.__NVIC_SetPriorityGrouping
                0x00000000080007b4       0x48 ./Drivers/STM32F4xx_HAL_Driver/Src/stm32f4xx_hal_cortex.o
 .text.__NVIC_GetPriorityGrouping
                0x00000000080007fc       0x1c ./Drivers/STM32F4xx_HAL_Driver/Src/stm32f4xx_hal_cortex.o
 .text.__NVIC_SetPriority
                0x0000000008000818       0x54 ./Drivers/STM32F4xx_HAL_Driver/Src/stm32f4xx_hal_cortex.o
 .text.NVIC_EncodePriority
                0x000000000800086c       0x66 ./Drivers/STM32F4xx_HAL_Driver/Src/stm32f4xx_hal_cortex.o
 *fill*         0x00000000080008d2        0x2 
 .text.SysTick_Config
                0x00000000080008d4       0x44 ./Drivers/STM32F4xx_HAL_Driver/Src/stm32f4xx_hal_cortex.o
 .text.HAL_NVIC_SetPriorityGrouping
                0x0000000008000918       0x16 ./Drivers/STM32F4xx_HAL_Driver/Src/stm32f4xx_hal_cortex.o
                0x0000000008000918                HAL_NVIC_SetPriorityGrouping
 .text.HAL_NVIC_SetPriority
                0x000000000800092e       0x38 ./Drivers/STM32F4xx_HAL_Driver/Src/stm32f4xx_hal_cortex.o
                0x000000000800092e                HAL_NVIC_SetPriority
 .text.HAL_SYSTICK_Config
                0x0000000008000966       0x18 ./Drivers/STM32F4xx_HAL_Driver/Src/stm32f4xx_hal_cortex.o
                0x0000000008000966                HAL_SYSTICK_Config
 *fill*         0x000000000800097e        0x2 
 .text.HAL_RCC_OscConfig
                0x0000000008000980      0x4f0 ./Drivers/STM32F4xx_HAL_Driver/Src/stm32f4xx_hal_rcc.o
                0x0000000008000980                HAL_RCC_OscConfig
 .text.HAL_RCC_ClockConfig
                0x0000000008000e70      0x1cc ./Drivers/STM32F4xx_HAL_Driver/Src/stm32f4xx_hal_rcc.o
                0x0000000008000e70                HAL_RCC_ClockConfig
 .text.HAL_RCC_GetSysClockFreq
                0x000000000800103c      0x18c ./Drivers/STM32F4xx_HAL_Driver/Src/stm32f4xx_hal_rcc.o
                0x000000000800103c                HAL_RCC_GetSysClockFreq
 .text.memset   0x00000000080011c8       0x10 D:/ST/STM32CubeIDE_1.13.2/STM32CubeIDE/plugins/com.st.stm32cube.ide.mcu.externaltools.gnu-tools-for-stm32.11.3.rel1.win32_1.1.1.202309131626/tools/bin/../lib/gcc/arm-none-eabi/11.3.1/../../../../arm-none-eabi/lib/thumb/v7e-m+fp/hard\libc_nano.a(libc_a-memset.o)
                0x00000000080011c8                memset
 .text.__libc_init_array
                0x00000000080011d8       0x48 D:/ST/STM32CubeIDE_1.13.2/STM32CubeIDE/plugins/com.st.stm32cube.ide.mcu.externaltools.gnu-tools-for-stm32.11.3.rel1.win32_1.1.1.202309131626/tools/bin/../lib/gcc/arm-none-eabi/11.3.1/../../../../arm-none-eabi/lib/thumb/v7e-m+fp/hard\libc_nano.a(libc_a-init.o)
                0x00000000080011d8                __libc_init_array
 *(.glue_7)
 .glue_7        0x0000000008001220        0x0 linker stubs
 *(.glue_7t)
 .glue_7t       0x0000000008001220        0x0 linker stubs
 *(.eh_frame)
 .eh_frame      0x0000000008001220        0x0 D:/ST/STM32CubeIDE_1.13.2/STM32CubeIDE/plugins/com.st.stm32cube.ide.mcu.externaltools.gnu-tools-for-stm32.11.3.rel1.win32_1.1.1.202309131626/tools/bin/../lib/gcc/arm-none-eabi/11.3.1/thumb/v7e-m+fp/hard/crtbegin.o
 *(.init)
 .init          0x0000000008001220        0x4 D:/ST/STM32CubeIDE_1.13.2/STM32CubeIDE/plugins/com.st.stm32cube.ide.mcu.externaltools.gnu-tools-for-stm32.11.3.rel1.win32_1.1.1.202309131626/tools/bin/../lib/gcc/arm-none-eabi/11.3.1/thumb/v7e-m+fp/hard/crti.o
                0x0000000008001220                _init
 .init          0x0000000008001224        0x8 D:/ST/STM32CubeIDE_1.13.2/STM32CubeIDE/plugins/com.st.stm32cube.ide.mcu.externaltools.gnu-tools-for-stm32.11.3.rel1.win32_1.1.1.202309131626/tools/bin/../lib/gcc/arm-none-eabi/11.3.1/thumb/v7e-m+fp/hard/crtn.o
 *(.fini)
 .fini          0x000000000800122c        0x4 D:/ST/STM32CubeIDE_1.13.2/STM32CubeIDE/plugins/com.st.stm32cube.ide.mcu.externaltools.gnu-tools-for-stm32.11.3.rel1.win32_1.1.1.202309131626/tools/bin/../lib/gcc/arm-none-eabi/11.3.1/thumb/v7e-m+fp/hard/crti.o
                0x000000000800122c                _fini
 .fini          0x0000000008001230        0x8 D:/ST/STM32CubeIDE_1.13.2/STM32CubeIDE/plugins/com.st.stm32cube.ide.mcu.externaltools.gnu-tools-for-stm32.11.3.rel1.win32_1.1.1.202309131626/tools/bin/../lib/gcc/arm-none-eabi/11.3.1/thumb/v7e-m+fp/hard/crtn.o
                0x0000000008001238                . = ALIGN (0x4)
                0x0000000008001238                _etext = .

.vfp11_veneer   0x0000000008001238        0x0
 .vfp11_veneer  0x0000000008001238        0x0 linker stubs

.v4_bx          0x0000000008001238        0x0
 .v4_bx         0x0000000008001238        0x0 linker stubs

.iplt           0x0000000008001238        0x0
 .iplt          0x0000000008001238        0x0 D:/ST/STM32CubeIDE_1.13.2/STM32CubeIDE/plugins/com.st.stm32cube.ide.mcu.externaltools.gnu-tools-for-stm32.11.3.rel1.win32_1.1.1.202309131626/tools/bin/../lib/gcc/arm-none-eabi/11.3.1/thumb/v7e-m+fp/hard/crtbegin.o

.rodata         0x0000000008001238       0x10
                0x0000000008001238                . = ALIGN (0x4)
 *(.rodata)
 *(.rodata*)
 .rodata.AHBPrescTable
                0x0000000008001238       0x10 ./Core/Src/system_stm32f4xx.o
                0x0000000008001238                AHBPrescTable
                0x0000000008001248                . = ALIGN (0x4)

.ARM.extab      0x0000000008001248        0x0
                0x0000000008001248                . = ALIGN (0x4)
 *(.ARM.extab* .gnu.linkonce.armextab.*)
                0x0000000008001248                . = ALIGN (0x4)

.ARM            0x0000000008001248        0x8
                0x0000000008001248                . = ALIGN (0x4)
                0x0000000008001248                __exidx_start = .
 *(.ARM.exidx*)
 .ARM.exidx     0x0000000008001248        0x8 D:/ST/STM32CubeIDE_1.13.2/STM32CubeIDE/plugins/com.st.stm32cube.ide.mcu.externaltools.gnu-tools-for-stm32.11.3.rel1.win32_1.1.1.202309131626/tools/bin/../lib/gcc/arm-none-eabi/11.3.1/thumb/v7e-m+fp/hard\libgcc.a(_udivmoddi4.o)
                0x0000000008001250                __exidx_end = .
                0x0000000008001250                . = ALIGN (0x4)

.rel.dyn        0x0000000008001250        0x0
 .rel.iplt      0x0000000008001250        0x0 D:/ST/STM32CubeIDE_1.13.2/STM32CubeIDE/plugins/com.st.stm32cube.ide.mcu.externaltools.gnu-tools-for-stm32.11.3.rel1.win32_1.1.1.202309131626/tools/bin/../lib/gcc/arm-none-eabi/11.3.1/thumb/v7e-m+fp/hard/crtbegin.o

.preinit_array  0x0000000008001250        0x0
                0x0000000008001250                . = ALIGN (0x4)
                0x0000000008001250                PROVIDE (__preinit_array_start = .)
 *(.preinit_array*)
                0x0000000008001250                PROVIDE (__preinit_array_end = .)
                0x0000000008001250                . = ALIGN (0x4)

.init_array     0x0000000008001250        0x4
                0x0000000008001250                . = ALIGN (0x4)
                0x0000000008001250                PROVIDE (__init_array_start = .)
 *(SORT_BY_NAME(.init_array.*))
 *(.init_array*)
 .init_array    0x0000000008001250        0x4 D:/ST/STM32CubeIDE_1.13.2/STM32CubeIDE/plugins/com.st.stm32cube.ide.mcu.externaltools.gnu-tools-for-stm32.11.3.rel1.win32_1.1.1.202309131626/tools/bin/../lib/gcc/arm-none-eabi/11.3.1/thumb/v7e-m+fp/hard/crtbegin.o
                0x0000000008001254                PROVIDE (__init_array_end = .)
                0x0000000008001254                . = ALIGN (0x4)

.fini_array     0x0000000008001254        0x4
                0x0000000008001254                . = ALIGN (0x4)
                [!provide]                        PROVIDE (__fini_array_start = .)
 *(SORT_BY_NAME(.fini_array.*))
 *(.fini_array*)
 .fini_array    0x0000000008001254        0x4 D:/ST/STM32CubeIDE_1.13.2/STM32CubeIDE/plugins/com.st.stm32cube.ide.mcu.externaltools.gnu-tools-for-stm32.11.3.rel1.win32_1.1.1.202309131626/tools/bin/../lib/gcc/arm-none-eabi/11.3.1/thumb/v7e-m+fp/hard/crtbegin.o
                [!provide]                        PROVIDE (__fini_array_end = .)
                0x0000000008001258                . = ALIGN (0x4)
                0x0000000008001258                _sidata = LOADADDR (.data)

.data           0x0000000020000000        0xc load address 0x0000000008001258
                0x0000000020000000                . = ALIGN (0x4)
                0x0000000020000000                _sdata = .
 *(.data)
 *(.data*)
 .data.SystemCoreClock
                0x0000000020000000        0x4 ./Core/Src/system_stm32f4xx.o
                0x0000000020000000                SystemCoreClock
 .data.uwTickPrio
                0x0000000020000004        0x4 ./Drivers/STM32F4xx_HAL_Driver/Src/stm32f4xx_hal.o
                0x0000000020000004                uwTickPrio
 .data.uwTickFreq
                0x0000000020000008        0x1 ./Drivers/STM32F4xx_HAL_Driver/Src/stm32f4xx_hal.o
                0x0000000020000008                uwTickFreq
 *(.RamFunc)
 *(.RamFunc*)
                0x000000002000000c                . = ALIGN (0x4)
 *fill*         0x0000000020000009        0x3 
                0x000000002000000c                _edata = .
                0x0000000008001264                _siccmram = LOADADDR (.ccmram)

.igot.plt       0x000000002000000c        0x0 load address 0x0000000008001264
 .igot.plt      0x000000002000000c        0x0 D:/ST/STM32CubeIDE_1.13.2/STM32CubeIDE/plugins/com.st.stm32cube.ide.mcu.externaltools.gnu-tools-for-stm32.11.3.rel1.win32_1.1.1.202309131626/tools/bin/../lib/gcc/arm-none-eabi/11.3.1/thumb/v7e-m+fp/hard/crtbegin.o

.ccmram         0x0000000010000000        0x0 load address 0x0000000008001264
                0x0000000010000000                . = ALIGN (0x4)
                0x0000000010000000                _sccmram = .
 *(.ccmram)
 *(.ccmram*)
                0x0000000010000000                . = ALIGN (0x4)
                0x0000000010000000                _eccmram = .
                0x0000000010000000                . = ALIGN (0x4)

.bss            0x000000002000000c       0x20
                0x000000002000000c                _sbss = .
                0x000000002000000c                __bss_start__ = _sbss
 *(.bss)
 .bss           0x000000002000000c       0x1c D:/ST/STM32CubeIDE_1.13.2/STM32CubeIDE/plugins/com.st.stm32cube.ide.mcu.externaltools.gnu-tools-for-stm32.11.3.rel1.win32_1.1.1.202309131626/tools/bin/../lib/gcc/arm-none-eabi/11.3.1/thumb/v7e-m+fp/hard/crtbegin.o
 *(.bss*)
 .bss.uwTick    0x0000000020000028        0x4 ./Drivers/STM32F4xx_HAL_Driver/Src/stm32f4xx_hal.o
                0x0000000020000028                uwTick
 *(COMMON)
                0x000000002000002c                . = ALIGN (0x4)
                0x000000002000002c                _ebss = .
                0x000000002000002c                __bss_end__ = _ebss

._user_heap_stack
                0x000000002000002c      0x604
                0x0000000020000030                . = ALIGN (0x8)
 *fill*         0x000000002000002c        0x4 
                [!provide]                        PROVIDE (end = .)
                0x0000000020000030                PROVIDE (_end = .)
                0x0000000020000230                . = (. + _Min_Heap_Size)
 *fill*         0x0000000020000030      0x200 
                0x0000000020000630                . = (. + _Min_Stack_Size)
 *fill*         0x0000000020000230      0x400 
                0x0000000020000630                . = ALIGN (0x8)

/DISCARD/
 libc.a(*)
 libm.a(*)
 libgcc.a(*)

.ARM.attributes
                0x0000000000000000       0x30
 *(.ARM.attributes)
 .ARM.attributes
                0x0000000000000000       0x1e D:/ST/STM32CubeIDE_1.13.2/STM32CubeIDE/plugins/com.st.stm32cube.ide.mcu.externaltools.gnu-tools-for-stm32.11.3.rel1.win32_1.1.1.202309131626/tools/bin/../lib/gcc/arm-none-eabi/11.3.1/thumb/v7e-m+fp/hard/crti.o
 .ARM.attributes
                0x000000000000001e       0x34 D:/ST/STM32CubeIDE_1.13.2/STM32CubeIDE/plugins/com.st.stm32cube.ide.mcu.externaltools.gnu-tools-for-stm32.11.3.rel1.win32_1.1.1.202309131626/tools/bin/../lib/gcc/arm-none-eabi/11.3.1/thumb/v7e-m+fp/hard/crtbegin.o
 .ARM.attributes
                0x0000000000000052       0x34 ./Core/Src/main.o
 .ARM.attributes
                0x0000000000000086       0x34 ./Core/Src/stm32f4xx_hal_msp.o
 .ARM.attributes
                0x00000000000000ba       0x34 ./Core/Src/stm32f4xx_it.o
 .ARM.attributes
                0x00000000000000ee       0x34 ./Core/Src/system_stm32f4xx.o
 .ARM.attributes
                0x0000000000000122       0x21 ./Core/Startup/startup_stm32f407vgtx.o
 .ARM.attributes
                0x0000000000000143       0x34 ./Drivers/STM32F4xx_HAL_Driver/Src/stm32f4xx_hal.o
 .ARM.attributes
                0x0000000000000177       0x34 ./Drivers/STM32F4xx_HAL_Driver/Src/stm32f4xx_hal_cortex.o
 .ARM.attributes
                0x00000000000001ab       0x34 ./Drivers/STM32F4xx_HAL_Driver/Src/stm32f4xx_hal_rcc.o
 .ARM.attributes
                0x00000000000001df       0x34 D:/ST/STM32CubeIDE_1.13.2/STM32CubeIDE/plugins/com.st.stm32cube.ide.mcu.externaltools.gnu-tools-for-stm32.11.3.rel1.win32_1.1.1.202309131626/tools/bin/../lib/gcc/arm-none-eabi/11.3.1/../../../../arm-none-eabi/lib/thumb/v7e-m+fp/hard\libc_nano.a(libc_a-memset.o)
 .ARM.attributes
                0x0000000000000213       0x34 D:/ST/STM32CubeIDE_1.13.2/STM32CubeIDE/plugins/com.st.stm32cube.ide.mcu.externaltools.gnu-tools-for-stm32.11.3.rel1.win32_1.1.1.202309131626/tools/bin/../lib/gcc/arm-none-eabi/11.3.1/../../../../arm-none-eabi/lib/thumb/v7e-m+fp/hard\libc_nano.a(libc_a-init.o)
 .ARM.attributes
                0x0000000000000247       0x1e D:/ST/STM32CubeIDE_1.13.2/STM32CubeIDE/plugins/com.st.stm32cube.ide.mcu.externaltools.gnu-tools-for-stm32.11.3.rel1.win32_1.1.1.202309131626/tools/bin/../lib/gcc/arm-none-eabi/11.3.1/thumb/v7e-m+fp/hard\libgcc.a(_aeabi_uldivmod.o)
 .ARM.attributes
                0x0000000000000265       0x34 D:/ST/STM32CubeIDE_1.13.2/STM32CubeIDE/plugins/com.st.stm32cube.ide.mcu.externaltools.gnu-tools-for-stm32.11.3.rel1.win32_1.1.1.202309131626/tools/bin/../lib/gcc/arm-none-eabi/11.3.1/thumb/v7e-m+fp/hard\libgcc.a(_udivmoddi4.o)
 .ARM.attributes
                0x0000000000000299       0x1e D:/ST/STM32CubeIDE_1.13.2/STM32CubeIDE/plugins/com.st.stm32cube.ide.mcu.externaltools.gnu-tools-for-stm32.11.3.rel1.win32_1.1.1.202309131626/tools/bin/../lib/gcc/arm-none-eabi/11.3.1/thumb/v7e-m+fp/hard\libgcc.a(_dvmd_tls.o)
 .ARM.attributes
                0x00000000000002b7       0x1e D:/ST/STM32CubeIDE_1.13.2/STM32CubeIDE/plugins/com.st.stm32cube.ide.mcu.externaltools.gnu-tools-for-stm32.11.3.rel1.win32_1.1.1.202309131626/tools/bin/../lib/gcc/arm-none-eabi/11.3.1/thumb/v7e-m+fp/hard/crtn.o
OUTPUT(fft_example.elf elf32-littlearm)
LOAD linker stubs
LOAD D:/ST/STM32CubeIDE_1.13.2/STM32CubeIDE/plugins/com.st.stm32cube.ide.mcu.externaltools.gnu-tools-for-stm32.11.3.rel1.win32_1.1.1.202309131626/tools/bin/../lib/gcc/arm-none-eabi/11.3.1/../../../../arm-none-eabi/lib/thumb/v7e-m+fp/hard\libc.a
LOAD D:/ST/STM32CubeIDE_1.13.2/STM32CubeIDE/plugins/com.st.stm32cube.ide.mcu.externaltools.gnu-tools-for-stm32.11.3.rel1.win32_1.1.1.202309131626/tools/bin/../lib/gcc/arm-none-eabi/11.3.1/../../../../arm-none-eabi/lib/thumb/v7e-m+fp/hard\libm.a
LOAD D:/ST/STM32CubeIDE_1.13.2/STM32CubeIDE/plugins/com.st.stm32cube.ide.mcu.externaltools.gnu-tools-for-stm32.11.3.rel1.win32_1.1.1.202309131626/tools/bin/../lib/gcc/arm-none-eabi/11.3.1/thumb/v7e-m+fp/hard\libgcc.a

.comment        0x0000000000000000       0x43
 .comment       0x0000000000000000       0x43 D:/ST/STM32CubeIDE_1.13.2/STM32CubeIDE/plugins/com.st.stm32cube.ide.mcu.externaltools.gnu-tools-for-stm32.11.3.rel1.win32_1.1.1.202309131626/tools/bin/../lib/gcc/arm-none-eabi/11.3.1/thumb/v7e-m+fp/hard/crtbegin.o
                                         0x44 (size before relaxing)
 .comment       0x0000000000000043       0x44 ./Core/Src/main.o
 .comment       0x0000000000000043       0x44 ./Core/Src/stm32f4xx_hal_msp.o
 .comment       0x0000000000000043       0x44 ./Core/Src/stm32f4xx_it.o
 .comment       0x0000000000000043       0x44 ./Core/Src/system_stm32f4xx.o
 .comment       0x0000000000000043       0x44 ./Drivers/STM32F4xx_HAL_Driver/Src/stm32f4xx_hal.o
 .comment       0x0000000000000043       0x44 ./Drivers/STM32F4xx_HAL_Driver/Src/stm32f4xx_hal_cortex.o
 .comment       0x0000000000000043       0x44 ./Drivers/STM32F4xx_HAL_Driver/Src/stm32f4xx_hal_rcc.o

.debug_info     0x0000000000000000     0x2d63
 .debug_info    0x0000000000000000      0x574 ./Core/Src/main.o
 .debug_info    0x0000000000000574      0x269 ./Core/Src/stm32f4xx_hal_msp.o
 .debug_info    0x00000000000007dd      0x112 ./Core/Src/stm32f4xx_it.o
 .debug_info    0x00000000000008ef      0x512 ./Core/Src/system_stm32f4xx.o
 .debug_info    0x0000000000000e01       0x23 ./Core/Startup/startup_stm32f407vgtx.o
 .debug_info    0x0000000000000e24      0x948 ./Drivers/STM32F4xx_HAL_Driver/Src/stm32f4xx_hal.o
 .debug_info    0x000000000000176c      0xd46 ./Drivers/STM32F4xx_HAL_Driver/Src/stm32f4xx_hal_cortex.o
 .debug_info    0x00000000000024b2      0x8b1 ./Drivers/STM32F4xx_HAL_Driver/Src/stm32f4xx_hal_rcc.o

.debug_abbrev   0x0000000000000000      0xc37
 .debug_abbrev  0x0000000000000000      0x1d0 ./Core/Src/main.o
 .debug_abbrev  0x00000000000001d0       0xd8 ./Core/Src/stm32f4xx_hal_msp.o
 .debug_abbrev  0x00000000000002a8       0x73 ./Core/Src/stm32f4xx_it.o
 .debug_abbrev  0x000000000000031b      0x11a ./Core/Src/system_stm32f4xx.o
 .debug_abbrev  0x0000000000000435       0x12 ./Core/Startup/startup_stm32f407vgtx.o
 .debug_abbrev  0x0000000000000447      0x213 ./Drivers/STM32F4xx_HAL_Driver/Src/stm32f4xx_hal.o
 .debug_abbrev  0x000000000000065a      0x327 ./Drivers/STM32F4xx_HAL_Driver/Src/stm32f4xx_hal_cortex.o
 .debug_abbrev  0x0000000000000981      0x2b6 ./Drivers/STM32F4xx_HAL_Driver/Src/stm32f4xx_hal_rcc.o

.debug_aranges  0x0000000000000000      0x390
 .debug_aranges
                0x0000000000000000       0x30 ./Core/Src/main.o
 .debug_aranges
                0x0000000000000030       0x20 ./Core/Src/stm32f4xx_hal_msp.o
 .debug_aranges
                0x0000000000000050       0x60 ./Core/Src/stm32f4xx_it.o
 .debug_aranges
                0x00000000000000b0       0x28 ./Core/Src/system_stm32f4xx.o
 .debug_aranges
                0x00000000000000d8       0x28 ./Core/Startup/startup_stm32f407vgtx.o
 .debug_aranges
                0x0000000000000100       0xf0 ./Drivers/STM32F4xx_HAL_Driver/Src/stm32f4xx_hal.o
 .debug_aranges
                0x00000000000001f0      0x118 ./Drivers/STM32F4xx_HAL_Driver/Src/stm32f4xx_hal_cortex.o
 .debug_aranges
                0x0000000000000308       0x88 ./Drivers/STM32F4xx_HAL_Driver/Src/stm32f4xx_hal_rcc.o

.debug_rnglists
                0x0000000000000000      0x28c
 .debug_rnglists
                0x0000000000000000       0x20 ./Core/Src/main.o
 .debug_rnglists
                0x0000000000000020       0x13 ./Core/Src/stm32f4xx_hal_msp.o
 .debug_rnglists
                0x0000000000000033       0x43 ./Core/Src/stm32f4xx_it.o
 .debug_rnglists
                0x0000000000000076       0x1a ./Core/Src/system_stm32f4xx.o
 .debug_rnglists
                0x0000000000000090       0x19 ./Core/Startup/startup_stm32f407vgtx.o
 .debug_rnglists
                0x00000000000000a9       0xaf ./Drivers/STM32F4xx_HAL_Driver/Src/stm32f4xx_hal.o
 .debug_rnglists
                0x0000000000000158       0xce ./Drivers/STM32F4xx_HAL_Driver/Src/stm32f4xx_hal_cortex.o
 .debug_rnglists
                0x0000000000000226       0x66 ./Drivers/STM32F4xx_HAL_Driver/Src/stm32f4xx_hal_rcc.o

.debug_macro    0x0000000000000000    0x1f730
 .debug_macro   0x0000000000000000      0x2b5 ./Core/Src/main.o
 .debug_macro   0x00000000000002b5      0xaae ./Core/Src/main.o
 .debug_macro   0x0000000000000d63      0x28f ./Core/Src/main.o
 .debug_macro   0x0000000000000ff2       0x2e ./Core/Src/main.o
 .debug_macro   0x0000000000001020       0x2f ./Core/Src/main.o
 .debug_macro   0x000000000000104f       0x22 ./Core/Src/main.o
 .debug_macro   0x0000000000001071       0x8e ./Core/Src/main.o
 .debug_macro   0x00000000000010ff       0x51 ./Core/Src/main.o
 .debug_macro   0x0000000000001150      0x103 ./Core/Src/main.o
 .debug_macro   0x0000000000001253       0x6a ./Core/Src/main.o
 .debug_macro   0x00000000000012bd      0x1df ./Core/Src/main.o
 .debug_macro   0x000000000000149c       0x1c ./Core/Src/main.o
 .debug_macro   0x00000000000014b8       0x22 ./Core/Src/main.o
 .debug_macro   0x00000000000014da       0xd9 ./Core/Src/main.o
 .debug_macro   0x00000000000015b3     0x102d ./Core/Src/main.o
 .debug_macro   0x00000000000025e0      0x11f ./Core/Src/main.o
 .debug_macro   0x00000000000026ff    0x15e82 ./Core/Src/main.o
 .debug_macro   0x0000000000018581       0x6d ./Core/Src/main.o
 .debug_macro   0x00000000000185ee     0x367e ./Core/Src/main.o
 .debug_macro   0x000000000001bc6c      0x174 ./Core/Src/main.o
 .debug_macro   0x000000000001bde0       0x5c ./Core/Src/main.o
 .debug_macro   0x000000000001be3c      0x96b ./Core/Src/main.o
 .debug_macro   0x000000000001c7a7      0x9fe ./Core/Src/main.o
 .debug_macro   0x000000000001d1a5      0x115 ./Core/Src/main.o
 .debug_macro   0x000000000001d2ba      0x13e ./Core/Src/main.o
 .debug_macro   0x000000000001d3f8       0xa5 ./Core/Src/main.o
 .debug_macro   0x000000000001d49d      0x174 ./Core/Src/main.o
 .debug_macro   0x000000000001d611      0x287 ./Core/Src/main.o
 .debug_macro   0x000000000001d898       0x5f ./Core/Src/main.o
 .debug_macro   0x000000000001d8f7      0x236 ./Core/Src/main.o
 .debug_macro   0x000000000001db2d      0x12c ./Core/Src/main.o
 .debug_macro   0x000000000001dc59      0x21e ./Core/Src/main.o
 .debug_macro   0x000000000001de77       0x2e ./Core/Src/main.o
 .debug_macro   0x000000000001dea5      0x11a ./Core/Src/main.o
 .debug_macro   0x000000000001dfbf       0x7e ./Core/Src/main.o
 .debug_macro   0x000000000001e03d       0x89 ./Core/Src/main.o
 .debug_macro   0x000000000001e0c6      0x12d ./Core/Src/main.o
 .debug_macro   0x000000000001e1f3       0x12 ./Core/Src/main.o
 .debug_macro   0x000000000001e205       0x12 ./Core/Src/main.o
 .debug_macro   0x000000000001e217       0x61 ./Core/Src/main.o
 .debug_macro   0x000000000001e278       0x2a ./Core/Src/main.o
 .debug_macro   0x000000000001e2a2       0x43 ./Core/Src/main.o
 .debug_macro   0x000000000001e2e5       0x34 ./Core/Src/main.o
 .debug_macro   0x000000000001e319       0x16 ./Core/Src/main.o
 .debug_macro   0x000000000001e32f       0x43 ./Core/Src/main.o
 .debug_macro   0x000000000001e372       0x34 ./Core/Src/main.o
 .debug_macro   0x000000000001e3a6       0x10 ./Core/Src/main.o
 .debug_macro   0x000000000001e3b6       0x58 ./Core/Src/main.o
 .debug_macro   0x000000000001e40e       0x8e ./Core/Src/main.o
 .debug_macro   0x000000000001e49c       0x1c ./Core/Src/main.o
 .debug_macro   0x000000000001e4b8      0x177 ./Core/Src/main.o
 .debug_macro   0x000000000001e62f      0x369 ./Core/Src/main.o
 .debug_macro   0x000000000001e998       0x10 ./Core/Src/main.o
 .debug_macro   0x000000000001e9a8       0x35 ./Core/Src/main.o
 .debug_macro   0x000000000001e9dd       0x20 ./Core/Src/main.o
 .debug_macro   0x000000000001e9fd      0x19b ./Core/Src/main.o
 .debug_macro   0x000000000001eb98       0xd6 ./Core/Src/main.o
 .debug_macro   0x000000000001ec6e      0x1ba ./Core/Src/stm32f4xx_hal_msp.o
 .debug_macro   0x000000000001ee28      0x1c4 ./Core/Src/stm32f4xx_it.o
 .debug_macro   0x000000000001efec      0x1b0 ./Core/Src/system_stm32f4xx.o
 .debug_macro   0x000000000001f19c      0x210 ./Drivers/STM32F4xx_HAL_Driver/Src/stm32f4xx_hal.o
 .debug_macro   0x000000000001f3ac      0x1b0 ./Drivers/STM32F4xx_HAL_Driver/Src/stm32f4xx_hal_cortex.o
 .debug_macro   0x000000000001f55c      0x1d4 ./Drivers/STM32F4xx_HAL_Driver/Src/stm32f4xx_hal_rcc.o

.debug_line     0x0000000000000000     0x4391
 .debug_line    0x0000000000000000      0x905 ./Core/Src/main.o
 .debug_line    0x0000000000000905      0x6fe ./Core/Src/stm32f4xx_hal_msp.o
 .debug_line    0x0000000000001003      0x7c0 ./Core/Src/stm32f4xx_it.o
 .debug_line    0x00000000000017c3      0x77f ./Core/Src/system_stm32f4xx.o
 .debug_line    0x0000000000001f42       0x7a ./Core/Startup/startup_stm32f407vgtx.o
 .debug_line    0x0000000000001fbc      0x9e5 ./Drivers/STM32F4xx_HAL_Driver/Src/stm32f4xx_hal.o
 .debug_line    0x00000000000029a1      0xc94 ./Drivers/STM32F4xx_HAL_Driver/Src/stm32f4xx_hal_cortex.o
 .debug_line    0x0000000000003635      0xd5c ./Drivers/STM32F4xx_HAL_Driver/Src/stm32f4xx_hal_rcc.o

.debug_str      0x0000000000000000    0xbfc3f
 .debug_str     0x0000000000000000    0xbe91f ./Core/Src/main.o
                                      0xbebd6 (size before relaxing)
 .debug_str     0x00000000000be91f       0x2c ./Core/Src/stm32f4xx_hal_msp.o
                                      0xbaab1 (size before relaxing)
 .debug_str     0x00000000000be94b       0xc9 ./Core/Src/stm32f4xx_it.o
                                      0xbaa37 (size before relaxing)
 .debug_str     0x00000000000bea14       0xdb ./Core/Src/system_stm32f4xx.o
                                      0xbab61 (size before relaxing)
 .debug_str     0x00000000000beaef       0x34 ./Core/Startup/startup_stm32f407vgtx.o
                                         0x7a (size before relaxing)
 .debug_str     0x00000000000beb23      0xb0e ./Drivers/STM32F4xx_HAL_Driver/Src/stm32f4xx_hal.o
                                      0xbb6e5 (size before relaxing)
 .debug_str     0x00000000000bf631      0x365 ./Drivers/STM32F4xx_HAL_Driver/Src/stm32f4xx_hal_cortex.o
                                      0xbb418 (size before relaxing)
 .debug_str     0x00000000000bf996      0x2a9 ./Drivers/STM32F4xx_HAL_Driver/Src/stm32f4xx_hal_rcc.o
                                      0xbaf95 (size before relaxing)

.debug_frame    0x0000000000000000      0xca8
 .debug_frame   0x0000000000000000       0x68 ./Core/Src/main.o
 .debug_frame   0x0000000000000068       0x38 ./Core/Src/stm32f4xx_hal_msp.o
 .debug_frame   0x00000000000000a0      0x104 ./Core/Src/stm32f4xx_it.o
 .debug_frame   0x00000000000001a4       0x58 ./Core/Src/system_stm32f4xx.o
 .debug_frame   0x00000000000001fc      0x374 ./Drivers/STM32F4xx_HAL_Driver/Src/stm32f4xx_hal.o
 .debug_frame   0x0000000000000570      0x498 ./Drivers/STM32F4xx_HAL_Driver/Src/stm32f4xx_hal_cortex.o
 .debug_frame   0x0000000000000a08      0x1f4 ./Drivers/STM32F4xx_HAL_Driver/Src/stm32f4xx_hal_rcc.o
 .debug_frame   0x0000000000000bfc       0x20 D:/ST/STM32CubeIDE_1.13.2/STM32CubeIDE/plugins/com.st.stm32cube.ide.mcu.externaltools.gnu-tools-for-stm32.11.3.rel1.win32_1.1.1.202309131626/tools/bin/../lib/gcc/arm-none-eabi/11.3.1/../../../../arm-none-eabi/lib/thumb/v7e-m+fp/hard\libc_nano.a(libc_a-memset.o)
 .debug_frame   0x0000000000000c1c       0x2c D:/ST/STM32CubeIDE_1.13.2/STM32CubeIDE/plugins/com.st.stm32cube.ide.mcu.externaltools.gnu-tools-for-stm32.11.3.rel1.win32_1.1.1.202309131626/tools/bin/../lib/gcc/arm-none-eabi/11.3.1/../../../../arm-none-eabi/lib/thumb/v7e-m+fp/hard\libc_nano.a(libc_a-init.o)
 .debug_frame   0x0000000000000c48       0x2c D:/ST/STM32CubeIDE_1.13.2/STM32CubeIDE/plugins/com.st.stm32cube.ide.mcu.externaltools.gnu-tools-for-stm32.11.3.rel1.win32_1.1.1.202309131626/tools/bin/../lib/gcc/arm-none-eabi/11.3.1/thumb/v7e-m+fp/hard\libgcc.a(_aeabi_uldivmod.o)
 .debug_frame   0x0000000000000c74       0x34 D:/ST/STM32CubeIDE_1.13.2/STM32CubeIDE/plugins/com.st.stm32cube.ide.mcu.externaltools.gnu-tools-for-stm32.11.3.rel1.win32_1.1.1.202309131626/tools/bin/../lib/gcc/arm-none-eabi/11.3.1/thumb/v7e-m+fp/hard\libgcc.a(_udivmoddi4.o)

.debug_line_str
                0x0000000000000000       0x6e
 .debug_line_str
                0x0000000000000000       0x6e ./Core/Startup/startup_stm32f407vgtx.o
                                         0x86 (size before relaxing)
